packageJobJar: [/tmp/hadoop-unjar3213845386302220273/] [] /tmp/streamjob4287737293421669241.jar tmpDir=null
25/11/10 14:31:04 INFO impl.TimelineClientImpl: Timeline service address: http://localhost:8188/ws/v1/timeline/
25/11/10 14:31:04 INFO client.RMProxy: Connecting to ResourceManager at /0.0.0.0:8032
25/11/10 14:31:04 INFO impl.TimelineClientImpl: Timeline service address: http://localhost:8188/ws/v1/timeline/
25/11/10 14:31:04 INFO client.RMProxy: Connecting to ResourceManager at /0.0.0.0:8032
25/11/10 14:31:05 INFO mapred.FileInputFormat: Total input paths to process : 1
25/11/10 14:31:05 INFO mapreduce.JobSubmitter: number of splits:2
25/11/10 14:31:05 INFO mapreduce.JobSubmitter: Submitting tokens for job: job_1762781041467_0009
25/11/10 14:31:05 INFO impl.YarnClientImpl: Submitted application application_1762781041467_0009
25/11/10 14:31:05 INFO mapreduce.Job: The url to track the job: http://fd1feae4a808:8088/proxy/application_1762781041467_0009/
25/11/10 14:31:05 INFO mapreduce.Job: Running job: job_1762781041467_0009
25/11/10 14:31:09 INFO mapreduce.Job: Job job_1762781041467_0009 running in uber mode : false
25/11/10 14:31:09 INFO mapreduce.Job:  map 0% reduce 0%
25/11/10 14:31:11 INFO mapreduce.Job: Task Id : attempt_1762781041467_0009_m_000001_0, Status : FAILED
Error: java.lang.RuntimeException: PipeMapRed.waitOutputThreads(): subprocess failed with code 1
	at org.apache.hadoop.streaming.PipeMapRed.waitOutputThreads(PipeMapRed.java:322)
	at org.apache.hadoop.streaming.PipeMapRed.mapRedFinished(PipeMapRed.java:535)
	at org.apache.hadoop.streaming.PipeMapper.close(PipeMapper.java:130)
	at org.apache.hadoop.mapred.MapRunner.run(MapRunner.java:61)
	at org.apache.hadoop.streaming.PipeMapRunner.run(PipeMapRunner.java:34)
	at org.apache.hadoop.mapred.MapTask.runOldMapper(MapTask.java:453)
	at org.apache.hadoop.mapred.MapTask.run(MapTask.java:343)
	at org.apache.hadoop.mapred.YarnChild$2.run(YarnChild.java:164)
	at java.security.AccessController.doPrivileged(Native Method)
	at javax.security.auth.Subject.doAs(Subject.java:422)
	at org.apache.hadoop.security.UserGroupInformation.doAs(UserGroupInformation.java:1657)
	at org.apache.hadoop.mapred.YarnChild.main(YarnChild.java:158)

25/11/10 14:31:13 INFO mapreduce.Job:  map 50% reduce 0%
25/11/10 14:31:14 INFO mapreduce.Job: Task Id : attempt_1762781041467_0009_m_000001_1, Status : FAILED
Error: java.lang.RuntimeException: PipeMapRed.waitOutputThreads(): subprocess failed with code 1
	at org.apache.hadoop.streaming.PipeMapRed.waitOutputThreads(PipeMapRed.java:322)
	at org.apache.hadoop.streaming.PipeMapRed.mapRedFinished(PipeMapRed.java:535)
	at org.apache.hadoop.streaming.PipeMapper.close(PipeMapper.java:130)
	at org.apache.hadoop.mapred.MapRunner.run(MapRunner.java:61)
	at org.apache.hadoop.streaming.PipeMapRunner.run(PipeMapRunner.java:34)
	at org.apache.hadoop.mapred.MapTask.runOldMapper(MapTask.java:453)
	at org.apache.hadoop.mapred.MapTask.run(MapTask.java:343)
	at org.apache.hadoop.mapred.YarnChild$2.run(YarnChild.java:164)
	at java.security.AccessController.doPrivileged(Native Method)
	at javax.security.auth.Subject.doAs(Subject.java:422)
	at org.apache.hadoop.security.UserGroupInformation.doAs(UserGroupInformation.java:1657)
	at org.apache.hadoop.mapred.YarnChild.main(YarnChild.java:158)

25/11/10 14:31:17 INFO mapreduce.Job: Task Id : attempt_1762781041467_0009_m_000001_2, Status : FAILED
Error: java.lang.RuntimeException: PipeMapRed.waitOutputThreads(): subprocess failed with code 1
	at org.apache.hadoop.streaming.PipeMapRed.waitOutputThreads(PipeMapRed.java:322)
	at org.apache.hadoop.streaming.PipeMapRed.mapRedFinished(PipeMapRed.java:535)
	at org.apache.hadoop.streaming.PipeMapper.close(PipeMapper.java:130)
	at org.apache.hadoop.mapred.MapRunner.run(MapRunner.java:61)
	at org.apache.hadoop.streaming.PipeMapRunner.run(PipeMapRunner.java:34)
	at org.apache.hadoop.mapred.MapTask.runOldMapper(MapTask.java:453)
	at org.apache.hadoop.mapred.MapTask.run(MapTask.java:343)
	at org.apache.hadoop.mapred.YarnChild$2.run(YarnChild.java:164)
	at java.security.AccessController.doPrivileged(Native Method)
	at javax.security.auth.Subject.doAs(Subject.java:422)
	at org.apache.hadoop.security.UserGroupInformation.doAs(UserGroupInformation.java:1657)
	at org.apache.hadoop.mapred.YarnChild.main(YarnChild.java:158)

25/11/10 14:31:21 INFO mapreduce.Job:  map 100% reduce 100%
25/11/10 14:31:21 INFO mapreduce.Job: Job job_1762781041467_0009 failed with state FAILED due to: Task failed task_1762781041467_0009_m_000001
Job failed as tasks failed. failedMaps:1 failedReduces:0

25/11/10 14:31:21 INFO mapreduce.Job: Counters: 39
	File System Counters
		FILE: Number of bytes read=0
		FILE: Number of bytes written=993136
		FILE: Number of read operations=0
		FILE: Number of large read operations=0
		FILE: Number of write operations=0
		HDFS: Number of bytes read=2157843
		HDFS: Number of bytes written=0
		HDFS: Number of read operations=3
		HDFS: Number of large read operations=0
		HDFS: Number of write operations=0
	Job Counters 
		Failed map tasks=4
		Killed reduce tasks=1
		Launched map tasks=5
		Launched reduce tasks=1
		Other local map tasks=3
		Data-local map tasks=2
		Total time spent by all maps in occupied slots (ms)=6566
		Total time spent by all reduces in occupied slots (ms)=7261
		Total time spent by all map tasks (ms)=6566
		Total time spent by all reduce tasks (ms)=7261
		Total vcore-milliseconds taken by all map tasks=6566
		Total vcore-milliseconds taken by all reduce tasks=7261
		Total megabyte-milliseconds taken by all map tasks=6723584
		Total megabyte-milliseconds taken by all reduce tasks=7435264
	Map-Reduce Framework
		Map input records=31110
		Map output records=31045
		Map output bytes=809626
		Map output materialized bytes=871722
		Input split bytes=96
		Combine input records=0
		Spilled Records=31045
		Failed Shuffles=0
		Merged Map outputs=0
		GC time elapsed (ms)=37
		CPU time spent (ms)=630
		Physical memory (bytes) snapshot=280694784
		Virtual memory (bytes) snapshot=2001969152
		Total committed heap usage (bytes)=201326592
	File Input Format Counters 
		Bytes Read=2157747
25/11/10 14:31:21 ERROR streaming.StreamJob: Job not successful!
Streaming Command Failed!
