packageJobJar: [/tmp/hadoop-unjar6453026468501245439/] [] /tmp/streamjob8640869793399226402.jar tmpDir=null
25/11/10 15:23:26 INFO impl.TimelineClientImpl: Timeline service address: http://localhost:8188/ws/v1/timeline/
25/11/10 15:23:26 INFO client.RMProxy: Connecting to ResourceManager at /0.0.0.0:8032
25/11/10 15:23:27 INFO impl.TimelineClientImpl: Timeline service address: http://localhost:8188/ws/v1/timeline/
25/11/10 15:23:27 INFO client.RMProxy: Connecting to ResourceManager at /0.0.0.0:8032
25/11/10 15:23:27 INFO mapred.FileInputFormat: Total input paths to process : 1
25/11/10 15:23:27 INFO mapreduce.JobSubmitter: number of splits:2
25/11/10 15:23:27 INFO mapreduce.JobSubmitter: Submitting tokens for job: job_1762786442380_0013
25/11/10 15:23:28 INFO impl.YarnClientImpl: Submitted application application_1762786442380_0013
25/11/10 15:23:28 INFO mapreduce.Job: The url to track the job: http://fd1feae4a808:8088/proxy/application_1762786442380_0013/
25/11/10 15:23:28 INFO mapreduce.Job: Running job: job_1762786442380_0013
25/11/10 15:23:35 INFO mapreduce.Job: Job job_1762786442380_0013 running in uber mode : false
25/11/10 15:23:35 INFO mapreduce.Job:  map 0% reduce 0%
25/11/10 15:23:41 INFO mapreduce.Job:  map 100% reduce 0%
25/11/10 15:23:48 INFO mapreduce.Job:  map 100% reduce 100%
25/11/10 15:23:48 INFO mapreduce.Job: Job job_1762786442380_0013 completed successfully
25/11/10 15:23:48 INFO mapreduce.Job: Counters: 49
	File System Counters
		FILE: Number of bytes read=1117688
		FILE: Number of bytes written=2600181
		FILE: Number of read operations=0
		FILE: Number of large read operations=0
		FILE: Number of write operations=0
		HDFS: Number of bytes read=4311590
		HDFS: Number of bytes written=4878
		HDFS: Number of read operations=9
		HDFS: Number of large read operations=0
		HDFS: Number of write operations=2
	Job Counters 
		Launched map tasks=2
		Launched reduce tasks=1
		Data-local map tasks=2
		Total time spent by all maps in occupied slots (ms)=7691
		Total time spent by all reduces in occupied slots (ms)=3749
		Total time spent by all map tasks (ms)=7691
		Total time spent by all reduce tasks (ms)=3749
		Total vcore-milliseconds taken by all map tasks=7691
		Total vcore-milliseconds taken by all reduce tasks=3749
		Total megabyte-milliseconds taken by all map tasks=7875584
		Total megabyte-milliseconds taken by all reduce tasks=3838976
	Map-Reduce Framework
		Map input records=61901
		Map output records=31109
		Map output bytes=1055464
		Map output materialized bytes=1117694
		Input split bytes=192
		Combine input records=0
		Combine output records=0
		Reduce input groups=350
		Reduce shuffle bytes=1117694
		Reduce input records=31109
		Reduce output records=141
		Spilled Records=62218
		Shuffled Maps =2
		Failed Shuffles=0
		Merged Map outputs=2
		GC time elapsed (ms)=258
		CPU time spent (ms)=4370
		Physical memory (bytes) snapshot=729939968
		Virtual memory (bytes) snapshot=6011760640
		Total committed heap usage (bytes)=546832384
	Shuffle Errors
		BAD_ID=0
		CONNECTION=0
		IO_ERROR=0
		WRONG_LENGTH=0
		WRONG_MAP=0
		WRONG_REDUCE=0
	File Input Format Counters 
		Bytes Read=4311398
	File Output Format Counters 
		Bytes Written=4878
25/11/10 15:23:48 INFO streaming.StreamJob: Output directory: start_end_date_incidence_stats/
