packageJobJar: [/tmp/hadoop-unjar6015699487441045280/] [] /tmp/streamjob6794124027607357205.jar tmpDir=null
25/11/10 15:12:22 INFO impl.TimelineClientImpl: Timeline service address: http://localhost:8188/ws/v1/timeline/
25/11/10 15:12:22 INFO client.RMProxy: Connecting to ResourceManager at /0.0.0.0:8032
25/11/10 15:12:22 INFO impl.TimelineClientImpl: Timeline service address: http://localhost:8188/ws/v1/timeline/
25/11/10 15:12:22 INFO client.RMProxy: Connecting to ResourceManager at /0.0.0.0:8032
25/11/10 15:12:23 INFO mapred.FileInputFormat: Total input paths to process : 1
25/11/10 15:12:23 INFO mapreduce.JobSubmitter: number of splits:2
25/11/10 15:12:23 INFO mapreduce.JobSubmitter: Submitting tokens for job: job_1762786442380_0009
25/11/10 15:12:23 INFO impl.YarnClientImpl: Submitted application application_1762786442380_0009
25/11/10 15:12:23 INFO mapreduce.Job: The url to track the job: http://fd1feae4a808:8088/proxy/application_1762786442380_0009/
25/11/10 15:12:23 INFO mapreduce.Job: Running job: job_1762786442380_0009
25/11/10 15:12:32 INFO mapreduce.Job: Job job_1762786442380_0009 running in uber mode : false
25/11/10 15:12:32 INFO mapreduce.Job:  map 0% reduce 0%
25/11/10 15:12:37 INFO mapreduce.Job:  map 100% reduce 0%
25/11/10 15:12:43 INFO mapreduce.Job:  map 100% reduce 100%
25/11/10 15:12:43 INFO mapreduce.Job: Job job_1762786442380_0009 completed successfully
25/11/10 15:12:43 INFO mapreduce.Job: Counters: 49
	File System Counters
		FILE: Number of bytes read=11721
		FILE: Number of bytes written=387923
		FILE: Number of read operations=0
		FILE: Number of large read operations=0
		FILE: Number of write operations=0
		HDFS: Number of bytes read=4311590
		HDFS: Number of bytes written=16862
		HDFS: Number of read operations=9
		HDFS: Number of large read operations=0
		HDFS: Number of write operations=2
	Job Counters 
		Launched map tasks=2
		Launched reduce tasks=1
		Data-local map tasks=2
		Total time spent by all maps in occupied slots (ms)=7087
		Total time spent by all reduces in occupied slots (ms)=3607
		Total time spent by all map tasks (ms)=7087
		Total time spent by all reduce tasks (ms)=3607
		Total vcore-milliseconds taken by all map tasks=7087
		Total vcore-milliseconds taken by all reduce tasks=3607
		Total megabyte-milliseconds taken by all map tasks=7257088
		Total megabyte-milliseconds taken by all reduce tasks=3693568
	Map-Reduce Framework
		Map input records=61901
		Map output records=350
		Map output bytes=11015
		Map output materialized bytes=11727
		Input split bytes=192
		Combine input records=0
		Combine output records=0
		Reduce input groups=350
		Reduce shuffle bytes=11727
		Reduce input records=350
		Reduce output records=351
		Spilled Records=700
		Shuffled Maps =2
		Failed Shuffles=0
		Merged Map outputs=2
		GC time elapsed (ms)=215
		CPU time spent (ms)=3430
		Physical memory (bytes) snapshot=717021184
		Virtual memory (bytes) snapshot=6009401344
		Total committed heap usage (bytes)=548929536
	Shuffle Errors
		BAD_ID=0
		CONNECTION=0
		IO_ERROR=0
		WRONG_LENGTH=0
		WRONG_MAP=0
		WRONG_REDUCE=0
	File Input Format Counters 
		Bytes Read=4311398
	File Output Format Counters 
		Bytes Written=16862
25/11/10 15:12:43 INFO streaming.StreamJob: Output directory: worldwide_daily_stats
